gerry@andfinity-001 MINGW64 ~
$ ssh -i id_rsa sysadmin@40.86.224.43
Warning: Identity file id_rsa not accessible: No such file or directory.
The authenticity of host '40.86.224.43 (40.86.224.43)' can't be established.
ECDSA key fingerprint is SHA256:eE4U6mYEloUGu7/qtqqjNt1QPPxddtB4e0sd51qsGT4.
Are you sure you want to continue connecting (yes/no/[fingerprint])? yes
Warning: Permanently added '40.86.224.43' (ECDSA) to the list of known hosts.
Welcome to Ubuntu 18.04.4 LTS (GNU/Linux 5.3.0-1034-azure x86_64)

 * Documentation:  https://help.ubuntu.com
 * Management:     https://landscape.canonical.com
 * Support:        https://ubuntu.com/advantage

  System information as of Sat Aug  8 16:08:07 UTC 2020

  System load:  0.0               Processes:           115
  Usage of /:   4.7% of 28.90GB   Users logged in:     0
  Memory usage: 34%               IP address for eth0: 10.0.0.4
  Swap usage:   0%

 * Are you ready for Kubernetes 1.19? It's nearly here! Try RC3 with
   sudo snap install microk8s --channel=1.19/candidate --classic

   https://microk8s.io/ has docs and details.

12 packages can be updated.
0 updates are security updates.



The programs included with the Ubuntu system are free software;
the exact distribution terms for each program are described in the
individual files in /usr/share/doc/*/copyright.

Ubuntu comes with ABSOLUTELY NO WARRANTY, to the extent permitted by
applicable law.

To run a command as administrator (user "root"), use "sudo <command>".
See "man sudo_root" for details.

sysadmin@Jump-Box-Provisioner:~$ sudo apt-get update
Hit:1 http://azure.archive.ubuntu.com/ubuntu bionic InRelease
Get:2 http://azure.archive.ubuntu.com/ubuntu bionic-updates InRelease [88.7 kB]
Get:3 http://azure.archive.ubuntu.com/ubuntu bionic-backports InRelease [74.6 kB]
Get:4 http://security.ubuntu.com/ubuntu bionic-security InRelease [88.7 kB]
Fetched 252 kB in 1s (424 kB/s)
Reading package lists... Done
sysadmin@Jump-Box-Provisioner:~$ sudo apt install docker.io
Reading package lists... Done
Building dependency tree
Reading state information... Done
The following package was automatically installed and is no longer required:
  grub-pc-bin
Use 'sudo apt autoremove' to remove it.
The following additional packages will be installed:
  bridge-utils cgroupfs-mount containerd pigz runc ubuntu-fan
Suggested packages:
  ifupdown aufs-tools debootstrap docker-doc rinse zfs-fuse | zfsutils
The following NEW packages will be installed:
  bridge-utils cgroupfs-mount containerd docker.io pigz runc ubuntu-fan
0 upgraded, 7 newly installed, 0 to remove and 12 not upgraded.
Need to get 63.8 MB of archives.
After this operation, 319 MB of additional disk space will be used.
Do you want to continue? [Y/n] y
Get:1 http://azure.archive.ubuntu.com/ubuntu bionic/universe amd64 pigz amd64 2.4-1 [57.4 kB]
Get:2 http://azure.archive.ubuntu.com/ubuntu bionic/main amd64 bridge-utils amd64 1.5-15ubuntu1 [30.1 kB]
Get:3 http://azure.archive.ubuntu.com/ubuntu bionic/universe amd64 cgroupfs-mount all 1.4 [6320 B]
Get:4 http://azure.archive.ubuntu.com/ubuntu bionic-updates/universe amd64 runc amd64 1.0.0~rc10-0ubuntu1~18.04.2 [2000 kB]
Get:5 http://azure.archive.ubuntu.com/ubuntu bionic-updates/universe amd64 containerd amd64 1.3.3-0ubuntu1~18.04.2 [21.7 MB]
Get:6 http://azure.archive.ubuntu.com/ubuntu bionic-updates/universe amd64 docker.io amd64 19.03.6-0ubuntu1~18.04.1 [39.9 MB]
Get:7 http://azure.archive.ubuntu.com/ubuntu bionic/main amd64 ubuntu-fan all 0.12.10 [34.7 kB]
Fetched 63.8 MB in 1s (47.0 MB/s)
Preconfiguring packages ...
Selecting previously unselected package pigz.
(Reading database ... 58506 files and directories currently installed.)
Preparing to unpack .../0-pigz_2.4-1_amd64.deb ...
Unpacking pigz (2.4-1) ...
Selecting previously unselected package bridge-utils.
Preparing to unpack .../1-bridge-utils_1.5-15ubuntu1_amd64.deb ...
Unpacking bridge-utils (1.5-15ubuntu1) ...
Selecting previously unselected package cgroupfs-mount.
Preparing to unpack .../2-cgroupfs-mount_1.4_all.deb ...
Unpacking cgroupfs-mount (1.4) ...
Selecting previously unselected package runc.
Preparing to unpack .../3-runc_1.0.0~rc10-0ubuntu1~18.04.2_amd64.deb ...
Unpacking runc (1.0.0~rc10-0ubuntu1~18.04.2) ...
Selecting previously unselected package containerd.
Preparing to unpack .../4-containerd_1.3.3-0ubuntu1~18.04.2_amd64.deb ...
Unpacking containerd (1.3.3-0ubuntu1~18.04.2) ...
Selecting previously unselected package docker.io.
Preparing to unpack .../5-docker.io_19.03.6-0ubuntu1~18.04.1_amd64.deb ...
Unpacking docker.io (19.03.6-0ubuntu1~18.04.1) ...
Selecting previously unselected package ubuntu-fan.
Preparing to unpack .../6-ubuntu-fan_0.12.10_all.deb ...
Unpacking ubuntu-fan (0.12.10) ...
Setting up runc (1.0.0~rc10-0ubuntu1~18.04.2) ...
Setting up cgroupfs-mount (1.4) ...
Setting up containerd (1.3.3-0ubuntu1~18.04.2) ...
Created symlink /etc/systemd/system/multi-user.target.wants/containerd.service → /lib/systemd/system/containerd.service.
Setting up bridge-utils (1.5-15ubuntu1) ...
Setting up ubuntu-fan (0.12.10) ...
Created symlink /etc/systemd/system/multi-user.target.wants/ubuntu-fan.service → /lib/systemd/system/ubuntu-fan.service.
Setting up pigz (2.4-1) ...
Setting up docker.io (19.03.6-0ubuntu1~18.04.1) ...
Adding group `docker' (GID 116) ...
Done.
Created symlink /etc/systemd/system/sockets.target.wants/docker.socket → /lib/systemd/system/docker.socket.
docker.service is a disabled or a static unit, not starting it.
Processing triggers for systemd (237-3ubuntu10.41) ...
Processing triggers for man-db (2.8.3-2ubuntu0.1) ...
Processing triggers for ureadahead (0.100.0-21) ...
sysadmin@Jump-Box-Provisioner:~$ sysmetctl status docker
sysmetctl: command not found
sysadmin@Jump-Box-Provisioner:~$ systemctl status docker
● docker.service - Docker Application Container Engine
   Loaded: loaded (/lib/systemd/system/docker.service; disabled; vendor preset: enabled)
   Active: inactive (dead)
     Docs: https://docs.docker.com
sysadmin@Jump-Box-Provisioner:~$ sudo docker start
"docker start" requires at least 1 argument.
See 'docker start --help'.

Usage:  docker start [OPTIONS] CONTAINER [CONTAINER...]

Start one or more stopped containers
sysadmin@Jump-Box-Provisioner:~$ service docker start
==== AUTHENTICATING FOR org.freedesktop.systemd1.manage-units ===
Authentication is required to start 'docker.socket'.
Authenticating as: Ubuntu (sysadmin)
Password:
polkit-agent-helper-1: pam_authenticate failed: Authentication failure
==== AUTHENTICATION FAILED ===
Failed to start docker.socket: Access denied
See system logs and 'systemctl status docker.socket' for details.
==== AUTHENTICATING FOR org.freedesktop.systemd1.manage-units ===
Authentication is required to start 'docker.service'.
Authenticating as: Ubuntu (sysadmin)
Password:
polkit-agent-helper-1: pam_authenticate failed: Authentication failure
==== AUTHENTICATION FAILED ===
Failed to start docker.service: Access denied
See system logs and 'systemctl status docker.service' for details.
sysadmin@Jump-Box-Provisioner:~$ cybersecurity
cybersecurity: command not found
sysadmin@Jump-Box-Provisioner:~$
sysadmin@Jump-Box-Provisioner:~$
sysadmin@Jump-Box-Provisioner:~$ sudo service docker start
sysadmin@Jump-Box-Provisioner:~$ systemctl status docker
● docker.service - Docker Application Container Engine
   Loaded: loaded (/lib/systemd/system/docker.service; disabled; vendor preset: enabled)
   Active: active (running) since Sat 2020-08-08 17:12:40 UTC; 1min 17s ago
     Docs: https://docs.docker.com
 Main PID: 20901 (dockerd)
    Tasks: 8
   CGroup: /system.slice/docker.service
           └─20901 /usr/bin/dockerd -H fd:// --containerd=/run/containerd/containerd.sock

Aug 08 17:12:39 Jump-Box-Provisioner dockerd[20901]: time="2020-08-08T17:12:39.640979268Z" lev
Aug 08 17:12:39 Jump-Box-Provisioner dockerd[20901]: time="2020-08-08T17:12:39.641142469Z" lev
Aug 08 17:12:39 Jump-Box-Provisioner dockerd[20901]: time="2020-08-08T17:12:39.641657372Z" lev
Aug 08 17:12:39 Jump-Box-Provisioner dockerd[20901]: time="2020-08-08T17:12:39.871103538Z" lev
Aug 08 17:12:40 Jump-Box-Provisioner dockerd[20901]: time="2020-08-08T17:12:40.006091042Z" lev
Aug 08 17:12:40 Jump-Box-Provisioner dockerd[20901]: time="2020-08-08T17:12:40.424949437Z" lev
Aug 08 17:12:40 Jump-Box-Provisioner dockerd[20901]: time="2020-08-08T17:12:40.425581241Z" lev
Aug 08 17:12:40 Jump-Box-Provisioner dockerd[20901]: time="2020-08-08T17:12:40.425880643Z" lev
Aug 08 17:12:40 Jump-Box-Provisioner systemd[1]: Started Docker Application Container Engine.
Aug 08 17:12:40 Jump-Box-Provisioner dockerd[20901]: time="2020-08-08T17:12:40.517210731Z" lev
lines 1-19/19 (END)
sysadmin@Jump-Box-Provisioner:~$

sysadmin@Jump-Box-Provisioner:~$ sudo docker start ecstatic_hamilton
ecstatic_hamilton
sysadmin@Jump-Box-Provisioner:~$ sudo docker container list -a
CONTAINER ID        IMAGE                    COMMAND                  CREATED             STATUS                      PORTS               NAMES
7a5fb6a5320a        cyberxsecurity/ansible   "bash"                   22 minutes ago      Up 6 seconds                                    ecstatic_hamilton
da9b6d32e68c        cyberxsecurity/ansible   "/bin/bash -o pipefa…"   22 minutes ago      Exited (0) 22 minutes ago                       loving_einstein
sysadmin@Jump-Box-Provisioner:~$ sudo docker ps -a
CONTAINER ID        IMAGE                    COMMAND                  CREATED             STATUS                      PORTS               NAMES
7a5fb6a5320a        cyberxsecurity/ansible   "bash"                   22 minutes ago      Up 22 seconds                                   ecstatic_hamilton
da9b6d32e68c        cyberxsecurity/ansible   "/bin/bash -o pipefa…"   23 minutes ago      Exited (0) 23 minutes ago                       loving_einstein
sysadmin@Jump-Box-Provisioner:~$
sysadmin@Jump-Box-Provisioner:~$ sudo docker attach ecstatic_hamilton
root@7a5fb6a5320a:~#

root@7a5fb6a5320a:~# ansible
usage: ansible [-h] [--version] [-v] [-b] [--become-method BECOME_METHOD]
               [--become-user BECOME_USER] [-K] [-i INVENTORY] [--list-hosts]
               [-l SUBSET] [-P POLL_INTERVAL] [-B SECONDS] [-o] [-t TREE] [-k]
               [--private-key PRIVATE_KEY_FILE] [-u REMOTE_USER]
               [-c CONNECTION] [-T TIMEOUT]
               [--ssh-common-args SSH_COMMON_ARGS]
               [--sftp-extra-args SFTP_EXTRA_ARGS]
               [--scp-extra-args SCP_EXTRA_ARGS]
               [--ssh-extra-args SSH_EXTRA_ARGS] [-C] [--syntax-check] [-D]
               [-e EXTRA_VARS] [--vault-id VAULT_IDS]
               [--ask-vault-pass | --vault-password-file VAULT_PASSWORD_FILES]
               [-f FORKS] [-M MODULE_PATH] [--playbook-dir BASEDIR]
               [-a MODULE_ARGS] [-m MODULE_NAME]
               pattern
ansible: error: too few arguments
root@7a5fb6a5320a:~#
root@7a5fb6a5320a:~# ssh-keygen
Generating public/private rsa key pair.
Enter file in which to save the key (/root/.ssh/id_rsa):
Created directory '/root/.ssh'.
Enter passphrase (empty for no passphrase):
Enter same passphrase again:
Your identification has been saved in /root/.ssh/id_rsa.
Your public key has been saved in /root/.ssh/id_rsa.pub.
The key fingerprint is:
SHA256:315kOxe1+CS+q6O0l/PiHETxJfEv1+iYJgY86NDzLPY root@7a5fb6a5320a
The key's randomart image is:
+---[RSA 2048]----+
|           . o.. |
|            o +  |
|           . . ..|
|     . o  .   ..=|
|    . + S  . o=++|
|     o + +...*++.|
|      + o.+.*.=..|
|     . o..oX...o |
|        Eo++B+.  |
+----[SHA256]-----+
root@7a5fb6a5320a:~#
root@7a5fb6a5320a:~# cd ~/.ssh
root@7a5fb6a5320a:~/.ssh# ls
id_rsa  id_rsa.pub
root@7a5fb6a5320a:~/.ssh#
root@7a5fb6a5320a:~# cd ~/.ssh
root@7a5fb6a5320a:~/.ssh# ls
id_rsa  id_rsa.pub
root@7a5fb6a5320a:~/.ssh# cat id_rsa.pub
ssh-rsa AAAAB3NzaC1yc2EAAAADAQABAAABAQCqrFM8Zp1uqJO6aui0/T6u/UUoJJIzWlms0NAwa6nIAyTb0m6aKkVM6928s4RtnRQjza3jW48r63BgiSoRb7nYbt8Gu6aXrqKV8AXr/51+Sff+2MIU5V6w7HWBW+frLg2wqiK41gdGZA8zy6k8xIoaWX/713F05qmP3vi04EjSX3eydppasOCQcigC2+uM7EtWo7N0sn9Cuh/+5S2Og9LyXM6As4X/EcPfogP50+aTB9mw05C0IwMD+0CqqUq8rU5CsuV9bND8ryVDbJ67Luh0UGLviHP7cKi9mLXBa0gB4CP04EZebutVZd+AIz3dsfXEpXt51ba0Pe03iXptu7wN root@7a5fb6a5320a
root@7a5fb6a5320a:~/.ssh#

#### Web2 Private IP = 10.0.0.7

root@7a5fb6a5320a:~/.ssh# ssh sysadmin@10.0.0.7
The authenticity of host '10.0.0.7 (10.0.0.7)' can't be established.
ECDSA key fingerprint is SHA256:AFf9W7rk+dOzC+vkNfeA7JEe1ntgUNFcbRc8NEZTO/0.
Are you sure you want to continue connecting (yes/no)? yes
Warning: Permanently added '10.0.0.7' (ECDSA) to the list of known hosts.
Welcome to Ubuntu 18.04.4 LTS (GNU/Linux 5.3.0-1034-azure x86_64)

 * Documentation:  https://help.ubuntu.com
 * Management:     https://landscape.canonical.com
 * Support:        https://ubuntu.com/advantage

  System information as of Sat Aug  8 18:07:28 UTC 2020

  System load:  0.02              Processes:           110
  Usage of /:   4.4% of 28.90GB   Users logged in:     0
  Memory usage: 14%               IP address for eth0: 10.0.0.7
  Swap usage:   0%

0 packages can be updated.
0 updates are security updates.



The programs included with the Ubuntu system are free software;
the exact distribution terms for each program are described in the
individual files in /usr/share/doc/*/copyright.

Ubuntu comes with ABSOLUTELY NO WARRANTY, to the extent permitted by
applicable law.

sysadmin@Web2:~$

root@7a5fb6a5320a:~/.ssh# ssh sysadmin@10.0.0.7
The authenticity of host '10.0.0.7 (10.0.0.7)' can't be established.
ECDSA key fingerprint is SHA256:AFf9W7rk+dOzC+vkNfeA7JEe1ntgUNFcbRc8NEZTO/0.
Are you sure you want to continue connecting (yes/no)? yes
Warning: Permanently added '10.0.0.7' (ECDSA) to the list of known hosts.
Welcome to Ubuntu 18.04.4 LTS (GNU/Linux 5.3.0-1034-azure x86_64)

 * Documentation:  https://help.ubuntu.com
 * Management:     https://landscape.canonical.com
 * Support:        https://ubuntu.com/advantage

  System information as of Sat Aug  8 18:07:28 UTC 2020

  System load:  0.02              Processes:           110
  Usage of /:   4.4% of 28.90GB   Users logged in:     0
  Memory usage: 14%               IP address for eth0: 10.0.0.7
  Swap usage:   0%

0 packages can be updated.
0 updates are security updates.


The programs included with the Ubuntu system are free software;
the exact distribution terms for each program are described in the
individual files in /usr/share/doc/*/copyright.

Ubuntu comes with ABSOLUTELY NO WARRANTY, to the extent permitted by
applicable law.

sysadmin@Web2:~$ ls
sysadmin@Web2:~$ ls -l
total 0
sysadmin@Web2:~$

sysadmin@Web2:~$ exit
logout
Connection to 10.0.0.7 closed.
root@7a5fb6a5320a:~/.ssh# cd /etc/ansible
root@7a5fb6a5320a:/etc/ansible# ls
ansible.cfg  hosts  roles
root@7a5fb6a5320a:/etc/ansible#

root@7a5fb6a5320a:/etc/ansible# nano hosts
root@7a5fb6a5320a:/etc/ansible# cat hosts
# This is the default ansible 'hosts' file.
#
# It should live in /etc/ansible/hosts
#
#   - Comments begin with the '#' character
#   - Blank lines are ignored
#   - Groups of hosts are delimited by [header] elements
#   - You can enter hostnames or ip addresses
#   - A hostname/ip can be a member of multiple groups

# Ex 1: Ungrouped hosts, specify before any group headers.

## green.example.com
## blue.example.com
## 192.168.100.1
## 192.168.100.10

# Ex 2: A collection of hosts belonging to the 'webservers' group

[webservers]
## alpha.example.org
## beta.example.org
## 192.168.1.100
## 192.168.1.110
10.0.0.7

# If you have multiple hosts following a pattern you can specify
# them like this:

## www[001:006].example.com

# Ex 3: A collection of database servers in the 'dbservers' group

## [dbservers]
##
## db01.intranet.mydomain.net
## db02.intranet.mydomain.net
## 10.25.1.56
## 10.25.1.57

# Here's another example of host ranges, this time there are no
# leading 0s:

## db-[99:101]-node.example.com


root@7a5fb6a5320a:/etc/ansible# ls
ansible.cfg  hosts  roles
root@7a5fb6a5320a:/etc/ansible#

root@7a5fb6a5320a:/etc/ansible# ls
ansible.cfg  hosts  roles
root@7a5fb6a5320a:/etc/ansible#
root@7a5fb6a5320a:/etc/ansible# nano ansible.cfg
root@7a5fb6a5320a:/etc/ansible#



